
> frontend@0.1.0 dev
> next dev --webpack --hostname 0.0.0.0 -p 3001

▲ Next.js 16.3.0 (webpack)
- Local:         http://localhost:3001
- Network:       http://0.0.0.0:3001
- Environments: .env.local
✓ Ready in 5.7s
✓ Running next.config.ts took 209ms

○ Compiling /login ...
 GET /api/loans 200 in 27.3s (next.js: 26.0s, application-code: 1288ms)
 GET /api/products 200 in 27.4s (next.js: 26.0s, application-code: 1342ms)
 GET /api/sales 200 in 27.3s (next.js: 26.0s, application-code: 1369ms)
 GET /sales 200 in 11.2s (next.js: 9.7s, application-code: 1542ms)
 GET /login?layout-check=1280 200 in 29.6s (next.js: 25.0s, application-code: 4.5s)
○ Compiling / ...
 GET /dashboard 200 in 17.5s (next.js: 13.2s, proxy.ts: 3.1s, application-code: 1203ms)
 GET /dashboard 200 in 17.5s (next.js: 13.2s, proxy.ts: 3.1s, application-code: 1224ms)
 GET /dashboard 200 in 166ms (next.js: 11ms, proxy.ts: 40ms, application-code: 115ms)
 GET /login?layout-check=1280 200 in 302ms (next.js: 31ms, application-code: 271ms)
 GET /api/auth/me 200 in 4.2s (next.js: 3.9s, application-code: 340ms)
 GET /login?layout-check=1280 200 in 501ms (next.js: 139ms, application-code: 362ms)
 GET /api/products 200 in 3.1s (next.js: 2.6s, application-code: 518ms)
 GET /api/products 200 in 3.2s (next.js: 2.7s, application-code: 536ms)
 GET /api/sales 200 in 3.2s (next.js: 2.7s, application-code: 558ms)
 GET /api/stock-movements 200 in 3.2s (next.js: 2.6s, application-code: 574ms)
 GET /api/loans 200 in 352ms (next.js: 17ms, application-code: 335ms)
 GET /api/sales 200 in 453ms (next.js: 10ms, application-code: 443ms)
 GET /api/currencies/rate?base=USD&quote=RWF 200 in 6.6s (next.js: 2.7s, application-code: 3.9s)
 GET /api/currencies/rate?base=USD&quote=RWF 200 in 6.6s (next.js: 2.7s, application-code: 3.9s)
 GET /login?layout-check=1280 200 in 479ms (next.js: 139ms, application-code: 340ms)
 GET /api/loans 200 in 254ms (next.js: 13ms, application-code: 241ms)
 GET /api/products 200 in 346ms (next.js: 12ms, application-code: 334ms)
 GET /api/sales 200 in 309ms (next.js: 7ms, application-code: 302ms)
 GET /api/products 200 in 124ms (next.js: 5ms, application-code: 118ms)
 GET /api/sales 200 in 154ms (next.js: 6ms, application-code: 148ms)
 GET /api/loans 200 in 108ms (next.js: 4ms, application-code: 104ms)
 GET /api/products 200 in 127ms (next.js: 4ms, application-code: 123ms)
 GET /api/sales 200 in 147ms (next.js: 3ms, application-code: 144ms)
 GET /api/loans 200 in 100ms (next.js: 5ms, application-code: 95ms)
 GET /api/products 401 in 23ms (next.js: 3ms, application-code: 20ms)
 GET /api/sales 401 in 20ms (next.js: 4ms, application-code: 16ms)
 GET /api/loans 401 in 28ms (next.js: 5ms, application-code: 23ms)
 GET /api/auth/me 200 in 185ms (next.js: 56ms, application-code: 128ms)
 GET /api/products 200 in 116ms (next.js: 4ms, application-code: 112ms)
 GET /api/loans 200 in 116ms (next.js: 4ms, application-code: 112ms)
 GET /api/sales 200 in 152ms (next.js: 4ms, application-code: 148ms)
 GET /api/products 200 in 139ms (next.js: 5ms, application-code: 133ms)
 GET /api/sales 200 in 155ms (next.js: 5ms, application-code: 150ms)
 GET /api/loans 200 in 220ms (next.js: 5ms, application-code: 214ms)
 GET /api/loans 200 in 100ms (next.js: 3ms, application-code: 97ms)
 GET /api/sales 200 in 143ms (next.js: 17ms, application-code: 126ms)
 GET /api/products 200 in 250ms (next.js: 3ms, application-code: 247ms)
 GET /api/products 200 in 135ms (next.js: 5ms, application-code: 130ms)
 GET /api/sales 200 in 290ms (next.js: 4ms, application-code: 286ms)
 GET /api/loans 200 in 212ms (next.js: 4ms, application-code: 208ms)
○ Compiling /stock ...
 GET /stock 200 in 3.8s (next.js: 3.7s, application-code: 138ms)
 GET /api/products 200 in 301ms (next.js: 20ms, application-code: 281ms)
 GET /api/stock-movements 200 in 2.7s (next.js: 2.3s, application-code: 331ms)
 GET /api/categories 200 in 2.7s (next.js: 2.3s, application-code: 348ms)
 GET /api/sales 200 in 2.6s (next.js: 2.3s, application-code: 359ms)
 GET /api/products 200 in 2.7s (next.js: 2.3s, application-code: 361ms)
 GET /api/sales 200 in 2.7s (next.js: 2.3s, application-code: 373ms)
 GET /api/products 200 in 171ms (next.js: 3ms, application-code: 168ms)
 GET /api/loans 200 in 168ms (next.js: 15ms, application-code: 152ms)
 GET /api/sales 200 in 187ms (next.js: 2ms, application-code: 184ms)
 GET /api/products 200 in 127ms (next.js: 4ms, application-code: 123ms)
 GET /api/sales 200 in 149ms (next.js: 5ms, application-code: 144ms)
 GET /api/loans 200 in 191ms (next.js: 5ms, application-code: 186ms)
 GET /api/loans 200 in 105ms (next.js: 4ms, application-code: 100ms)
 GET /api/products 200 in 153ms (next.js: 5ms, application-code: 148ms)
 GET /api/sales 200 in 249ms (next.js: 5ms, application-code: 244ms)
 GET /api/products 200 in 127ms (next.js: 5ms, application-code: 122ms)
 GET /api/sales 200 in 155ms (next.js: 5ms, application-code: 150ms)
 GET /api/loans 200 in 121ms (next.js: 4ms, application-code: 117ms)
 GET /api/products 200 in 104ms (next.js: 5ms, application-code: 99ms)
 GET /api/sales 200 in 134ms (next.js: 5ms, application-code: 130ms)
 GET /api/loans 200 in 121ms (next.js: 5ms, application-code: 116ms)
 GET /api/products 200 in 154ms (next.js: 5ms, application-code: 149ms)
 GET /api/sales 200 in 151ms (next.js: 4ms, application-code: 147ms)
 GET /api/loans 200 in 102ms (next.js: 5ms, application-code: 97ms)
 GET /api/products 200 in 137ms (next.js: 5ms, application-code: 131ms)
 GET /api/sales 200 in 132ms (next.js: 4ms, application-code: 128ms)
 GET /api/loans 200 in 95ms (next.js: 2ms, application-code: 93ms)
 GET /api/products 200 in 154ms (next.js: 5ms, application-code: 149ms)
 GET /api/sales 200 in 151ms (next.js: 5ms, application-code: 146ms)
 GET /api/loans 200 in 110ms (next.js: 5ms, application-code: 106ms)
 GET /api/products 200 in 123ms (next.js: 6ms, application-code: 118ms)
 GET /api/sales 200 in 133ms (next.js: 5ms, application-code: 128ms)
 GET /api/loans 200 in 98ms (next.js: 4ms, application-code: 93ms)
 GET /api/products 200 in 124ms (next.js: 5ms, application-code: 120ms)
 GET /api/sales 200 in 139ms (next.js: 5ms, application-code: 135ms)
 GET /api/loans 200 in 157ms (next.js: 4ms, application-code: 154ms)
 GET /api/products 200 in 111ms (next.js: 5ms, application-code: 106ms)
 GET /api/sales 200 in 128ms (next.js: 4ms, application-code: 124ms)
 GET /api/loans 200 in 113ms (next.js: 5ms, application-code: 108ms)
 GET /api/products 401 in 16ms (next.js: 5ms, application-code: 12ms)
 GET /api/sales 401 in 29ms (next.js: 5ms, application-code: 24ms)
 GET /api/loans 401 in 22ms (next.js: 5ms, application-code: 17ms)
 GET /api/auth/me 200 in 2.7s (next.js: 2.2s, application-code: 500ms)
 GET /api/sales 200 in 40ms (next.js: 7ms, application-code: 33ms)
 GET /api/currencies/rate?base=USD&quote=RWF 200 in 2.8s (next.js: 2.2s, application-code: 594ms)
 GET /api/products 200 in 65ms (next.js: 12ms, application-code: 54ms)
 GET /api/loans 200 in 33ms (next.js: 8ms, application-code: 25ms)
 GET /stock 200 in 1413ms (next.js: 811ms, application-code: 602ms)
 GET /api/auth/me 200 in 163ms (next.js: 34ms, application-code: 128ms)
 GET /api/products 200 in 244ms (next.js: 7ms, application-code: 236ms)
 GET /api/categories 200 in 2.7s (next.js: 2.4s, application-code: 306ms)
 GET /api/stock-movements 200 in 2.7s (next.js: 2.4s, application-code: 338ms)
 GET /api/products 200 in 2.5s (next.js: 2.2s, application-code: 347ms)
 GET /api/sales 200 in 2.7s (next.js: 2.4s, application-code: 379ms)
 GET /api/sales 200 in 177ms (next.js: 6ms, application-code: 170ms)
 GET /api/sales 200 in 144ms (next.js: 6ms, application-code: 138ms)
 GET /api/products 200 in 178ms (next.js: 4ms, application-code: 174ms)
 GET /api/loans 200 in 156ms (next.js: 13ms, application-code: 142ms)
 GET /dashboard 200 in 283ms (next.js: 172ms, proxy.ts: 33ms, application-code: 78ms)
 GET /api/products 200 in 146ms (next.js: 6ms, application-code: 141ms)
 GET /api/sales 200 in 250ms (next.js: 4ms, application-code: 245ms)
 GET /api/stock-movements 200 in 159ms (next.js: 5ms, application-code: 155ms)
 GET /api/currencies/rate?base=USD&quote=RWF 503 in 7.4s (next.js: 6ms, application-code: 7.4s)
 GET /api/currencies/rate?base=USD&quote=RWF 503 in 10.6s (next.js: 4ms, application-code: 10.6s)
 GET /stock?view=analysis 200 in 96ms (next.js: 23ms, application-code: 73ms)
 GET /api/products 200 in 190ms (next.js: 7ms, application-code: 183ms)
 GET /api/products 200 in 224ms (next.js: 6ms, application-code: 219ms)
 GET /api/stock-movements 200 in 201ms (next.js: 6ms, application-code: 195ms)
 GET /api/sales 200 in 148ms (next.js: 4ms, application-code: 144ms)
 GET /api/sales 200 in 133ms (next.js: 7ms, application-code: 126ms)
 GET /api/categories 200 in 242ms (next.js: 4ms, application-code: 238ms)
 GET /dashboard 200 in 109ms (next.js: 11ms, proxy.ts: 20ms, application-code: 78ms)
 GET /api/products 200 in 173ms (next.js: 5ms, application-code: 168ms)
 GET /api/stock-movements 200 in 158ms (next.js: 5ms, application-code: 153ms)
 GET /api/sales 200 in 271ms (next.js: 6ms, application-code: 266ms)
 GET /api/products 200 in 141ms (next.js: 6ms, application-code: 135ms)
 GET /api/sales 200 in 167ms (next.js: 5ms, application-code: 162ms)
 GET /api/loans 200 in 120ms (next.js: 5ms, application-code: 114ms)
 GET /api/loans 200 in 139ms (next.js: 5ms, application-code: 134ms)
 GET /api/products 200 in 188ms (next.js: 5ms, application-code: 183ms)
 GET /api/sales 200 in 179ms (next.js: 5ms, application-code: 174ms)
 GET /api/products 200 in 118ms (next.js: 5ms, application-code: 113ms)
 GET /api/sales 200 in 125ms (next.js: 6ms, application-code: 119ms)
 GET /api/loans 200 in 98ms (next.js: 5ms, application-code: 93ms)
 GET /api/products 200 in 131ms (next.js: 4ms, application-code: 127ms)
 GET /api/sales 200 in 132ms (next.js: 5ms, application-code: 128ms)
 GET /api/loans 200 in 205ms (next.js: 6ms, application-code: 199ms)
 GET /api/products 200 in 115ms (next.js: 5ms, application-code: 110ms)
 GET /api/sales 200 in 135ms (next.js: 5ms, application-code: 130ms)
 GET /api/loans 200 in 106ms (next.js: 6ms, application-code: 101ms)
 GET /api/products 200 in 124ms (next.js: 3ms, application-code: 121ms)
 GET /api/sales 200 in 134ms (next.js: 3ms, application-code: 132ms)
 GET /api/loans 200 in 117ms (next.js: 4ms, application-code: 112ms)
 GET /api/products 200 in 151ms (next.js: 5ms, application-code: 146ms)
 GET /api/loans 200 in 148ms (next.js: 5ms, application-code: 144ms)
 GET /api/sales 200 in 145ms (next.js: 5ms, application-code: 140ms)
 GET /api/products 200 in 117ms (next.js: 5ms, application-code: 112ms)
 GET /api/sales 200 in 140ms (next.js: 3ms, application-code: 137ms)
 GET /api/loans 200 in 207ms (next.js: 4ms, application-code: 203ms)
 GET /api/sales 200 in 125ms (next.js: 4ms, application-code: 121ms)
 GET /api/products 200 in 243ms (next.js: 6ms, application-code: 237ms)
 GET /api/loans 200 in 110ms (next.js: 4ms, application-code: 106ms)
 GET /api/products 200 in 225ms (next.js: 6ms, application-code: 219ms)
 GET /api/sales 200 in 136ms (next.js: 4ms, application-code: 131ms)
 GET /api/loans 200 in 122ms (next.js: 4ms, application-code: 118ms)
 GET /api/currencies/rate?base=USD&quote=RWF 503 in 132ms (next.js: 31ms, application-code: 101ms)
 GET /api/products 401 in 78ms (next.js: 5ms, application-code: 74ms)
 GET /api/sales 401 in 62ms (next.js: 6ms, application-code: 56ms)
 GET /api/loans 401 in 50ms (next.js: 5ms, application-code: 45ms)
 GET /api/auth/me 200 in 253ms (next.js: 59ms, application-code: 193ms)
 GET /api/loans 200 in 176ms (next.js: 4ms, application-code: 173ms)
 GET /api/products 200 in 210ms (next.js: 4ms, application-code: 207ms)
 GET /api/sales 200 in 215ms (next.js: 4ms, application-code: 211ms)
 GET /api/products 200 in 126ms (next.js: 3ms, application-code: 123ms)
 GET /api/sales 200 in 133ms (next.js: 3ms, application-code: 130ms)
 GET /api/loans 200 in 200ms (next.js: 3ms, application-code: 197ms)
 GET /api/products 200 in 140ms (next.js: 5ms, application-code: 135ms)
 GET /api/sales 200 in 152ms (next.js: 10ms, application-code: 142ms)
 GET /api/loans 200 in 117ms (next.js: 7ms, application-code: 110ms)
 GET /api/loans 200 in 173ms (next.js: 8ms, application-code: 165ms)
 GET /api/products 200 in 258ms (next.js: 8ms, application-code: 249ms)
 GET /api/sales 200 in 238ms (next.js: 10ms, application-code: 228ms)
 GET /api/products 200 in 105ms (next.js: 4ms, application-code: 101ms)
 GET /api/sales 200 in 132ms (next.js: 3ms, application-code: 128ms)
 GET /api/loans 200 in 100ms (next.js: 3ms, application-code: 97ms)
 GET /api/products 200 in 119ms (next.js: 5ms, application-code: 115ms)
 GET /api/sales 200 in 123ms (next.js: 4ms, application-code: 119ms)
 GET /api/loans 200 in 138ms (next.js: 5ms, application-code: 133ms)
 GET /api/products 200 in 108ms (next.js: 5ms, application-code: 103ms)
 GET /api/sales 200 in 157ms (next.js: 4ms, application-code: 153ms)
 GET /api/loans 200 in 88ms (next.js: 4ms, application-code: 84ms)
 GET /api/products 200 in 128ms (next.js: 4ms, application-code: 124ms)
 GET /api/sales 200 in 131ms (next.js: 5ms, application-code: 126ms)
 GET /api/loans 200 in 123ms (next.js: 5ms, application-code: 118ms)
 GET /api/products 200 in 129ms (next.js: 5ms, application-code: 124ms)
 GET /api/sales 200 in 127ms (next.js: 4ms, application-code: 123ms)
 GET /api/loans 200 in 104ms (next.js: 5ms, application-code: 99ms)
 GET /api/products 200 in 139ms (next.js: 6ms, application-code: 133ms)
 GET /api/sales 200 in 142ms (next.js: 8ms, application-code: 133ms)
 GET /api/loans 200 in 120ms (next.js: 5ms, application-code: 115ms)
 GET /api/products 200 in 119ms (next.js: 5ms, application-code: 114ms)
 GET /api/sales 200 in 228ms (next.js: 5ms, application-code: 224ms)
 GET /api/loans 200 in 83ms (next.js: 3ms, application-code: 80ms)
 GET /api/products 200 in 127ms (next.js: 5ms, application-code: 122ms)
 GET /api/sales 200 in 114ms (next.js: 4ms, application-code: 110ms)
 GET /api/loans 200 in 91ms (next.js: 4ms, application-code: 88ms)
 GET /api/products 200 in 121ms (next.js: 4ms, application-code: 116ms)
 GET /api/sales 200 in 135ms (next.js: 4ms, application-code: 130ms)
 GET /api/loans 200 in 142ms (next.js: 4ms, application-code: 138ms)
 GET /api/products 200 in 108ms (next.js: 5ms, application-code: 104ms)
 GET /api/sales 200 in 144ms (next.js: 4ms, application-code: 140ms)
 GET /api/loans 200 in 104ms (next.js: 3ms, application-code: 101ms)
 GET /api/products 200 in 117ms (next.js: 3ms, application-code: 114ms)
 GET /api/sales 200 in 129ms (next.js: 3ms, application-code: 126ms)
 GET /api/loans 200 in 94ms (next.js: 3ms, application-code: 91ms)
 GET /api/products 200 in 110ms (next.js: 3ms, application-code: 106ms)
 GET /api/sales 200 in 131ms (next.js: 4ms, application-code: 127ms)
 GET /api/loans 200 in 220ms (next.js: 5ms, application-code: 216ms)
 GET /api/products 401 in 15ms (next.js: 4ms, application-code: 11ms)
 GET /api/sales 401 in 29ms (next.js: 3ms, application-code: 27ms)
 GET /api/loans 401 in 25ms (next.js: 2ms, application-code: 22ms)
 GET /api/currencies/rate?base=USD&quote=RWF 503 in 23ms (next.js: 1.9ms, application-code: 21ms)
 GET /api/auth/me 200 in 138ms (next.js: 26ms, application-code: 112ms)
 GET /api/loans 200 in 128ms (next.js: 3ms, application-code: 125ms)
 GET /api/products 200 in 163ms (next.js: 3ms, application-code: 160ms)
 GET /api/sales 200 in 164ms (next.js: 3ms, application-code: 161ms)
 GET /api/products 200 in 152ms (next.js: 5ms, application-code: 146ms)
 GET /api/sales 200 in 139ms (next.js: 5ms, application-code: 133ms)
 GET /api/loans 200 in 116ms (next.js: 4ms, application-code: 112ms)
